// Jest Snapshot v1, https://goo.gl/fbAQLP

exports[`matches snapshot 1`] = `
<User
  user="7"
>
  <div
    className="user-wrapper"
  >
    <div
      className="user-display"
    >
      <div
        className="user-avatar"
      >
        <img
          className="photo-box-img"
          height="60"
          width="60"
        />
      </div>
      <div
        className="user-story"
      >
        <div
          className="username"
        >
           
           
        </div>
        <div
          className="location"
        >
           
          undefined, undefined
           
        </div>
        <div>
          <span
            className="icon-user-review"
            style={
              Object {
                "height": "18px",
                "width": "18px",
              }
            }
          >
             
            <friends>
              <svg
                fill="#f15c00"
                height="18"
                width="18"
              >
                <path
                  d="M7.904 9.43l-2.098 4.697a.9.9 0 0 1-1.612 0L2.096 9.43a.902.902 0 0 1 .806-1.305h4.196c.67 0 1.105.705.806 1.305zM5 7.375a2 2 0 1 1 0-4 2 2 0 0 1 0 4z"
                />
                <path
                  d="M15.904 9.43l-2.098 4.697a.89.89 0 0 1-.806.498.89.89 0 0 1-.806-.498L10.096 9.43a.902.902 0 0 1 .806-1.305h4.195c.67 0 1.106.705.807 1.305zM13 7.375a2 2 0 1 1 0-4 2 2 0 0 1 0 4z"
                  opacity=".502"
                />
              </svg>
            </friends>
             
          </span>
           
          <b>
            5
          </b>
           friends 
        </div>
        <div>
          <span
            className="icon-user-review"
            style={
              Object {
                "height": "18px",
                "width": "18px",
              }
            }
          >
             
            <reviewCount>
              <svg
                fill="#f15c00"
                height="18"
                width="18"
              >
                <path
                  d="M13 3H5c-1.1 0-2 .9-2 2v8c0 1.1.9 2 2 2h8c1.1 0 2-.9 2-2V5c0-1.1-.9-2-2-2zm-1.505 9.643l-2.526-1.55L6.526 12.7 7 9.934 5 7.977l2.766-.404L8.97 4.7l1.264 2.873L13 7.977l-2 1.957.495 2.71z"
                />
              </svg>
            </reviewCount>
             
          </span>
           
          <b>
            5
          </b>
           reviews 
        </div>
        <div>
          <span
            className="icon-user-review"
            style={
              Object {
                "height": "18px",
                "width": "18px",
              }
            }
          >
             
            <photos>
              <svg
                fill="#f15c00"
                height="18"
                width="18"
              >
                <path
                  d="M15 15H3a2 2 0 0 1-2-2V6a2 2 0 0 1 2-2h2a2 2 0 0 1 2-2h4a2 2 0 0 1 2 2h2a2 2 0 0 1 2 2v7a2 2 0 0 1-2 2zM9 5a4 4 0 1 0 0 8 4 4 0 0 0 0-8zm0 6.5a2.5 2.5 0 1 1 0-5 2.5 2.5 0 0 1 0 5z"
                />
              </svg>
            </photos>
             
          </span>
            
          <b>
            5
          </b>
           photos 
        </div>
      </div>
    </div>
    <ul
      className="user-interaction"
    >
      <li
        className="interaction-point"
      >
         
        <div
          className="arrange-user"
        >
          <div
            className="interaction-icon"
          >
             
            <share>
              <svg
                fill="#0077bc"
                height="18"
                width="18"
              >
                <path
                  d="M17.714 6.43L13 10.356v-3.03c-1 0-5.097 1.47-6.286 3.62.274-3.08 4.286-5.5 6.286-5.5V2.5l4.714 3.93zM3 4v10h11v-2.5l1-1V15H2V3h8.5l-1 1H3z"
                />
              </svg>
            </share>
          </div>
           
          <div
            className="interaction-label interaction-border"
          >
             Share Review
          </div>
        </div>
      </li>
      <li
        className="interaction-point"
      >
         
        <div
          className="arrange-user"
        >
          <div
            className="interaction-icon"
          >
             
            <embed>
              <svg
                fill="#0077bc"
                height="18"
                width="18"
              >
                <path
                  d="M12.503 13.76a.717.717 0 0 1-.526.23.717.717 0 0 1-.526-.23.822.822 0 0 1 0-1.117l3.444-3.652-3.444-3.65a.822.822 0 0 1 0-1.116.714.714 0 0 1 1.053 0l4.495 4.77-4.495 4.767zm-5.954 0a.717.717 0 0 1-.528.23.718.718 0 0 1-.526-.23L1.002 8.99l4.495-4.768a.714.714 0 0 1 1.052 0c.29.308.29.808 0 1.116L3.105 8.99l3.442 3.653c.29.308.29.808 0 1.116z"
                />
              </svg>
            </embed>
          </div>
           
          <div
            className="interaction-label interaction-border"
          >
             Embed Review
          </div>
        </div>
      </li>
      <li
        className="interaction-point"
      >
         
        <div
          className="arrange-user"
        >
          <div
            className="interaction-icon"
          >
             
            <compliment>
              <svg
                fill="#0077bc"
                height="18"
                width="18"
              >
                <path
                  d="M14.5 6.75a5.5 5.5 0 0 0-11 0 5.495 5.495 0 0 0 2.993 4.892L5.5 16.75l3.505-2 3.495 2-.993-5.108A5.495 5.495 0 0 0 14.5 6.75zm-5.5 4c-2.206 0-4-1.794-4-4s1.794-4 4-4 4 1.794 4 4-1.794 4-4 4z"
                />
              </svg>
            </compliment>
          </div>
           
          <div
            className="interaction-label interaction-border"
          >
             Compliment
          </div>
        </div>
      </li>
      <li
        className="interaction-point"
      >
         
        <div
          className="arrange-user"
        >
          <div
            className="interaction-icon"
          >
             
            <message>
              <svg
                fill="#0077bc"
                height="18"
                width="18"
              >
                <path
                  d="M2 4v6a2 2 0 0 0 2 2h1v3l4-3h5a2 2 0 0 0 2-2V4a2 2 0 0 0-2-2H4a2 2 0 0 0-2 2z"
                />
              </svg>
            </message>
          </div>
           
          <div
            className="interaction-label interaction-border"
          >
             Send Message
          </div>
        </div>
      </li>
      <li
        className="interaction-point"
      >
         
        <div
          className="arrange-user"
        >
          <div
            className="interaction-icon"
          >
             
            <follow>
              <svg
                fill="#0077bc"
                height="18"
                width="18"
              >
                <path
                  d="M16 13l-4 3v-2H9l1-2h2v-2l4 3zm-8.925 2.383c-.443.817-1.707.817-2.15 0L2.128 9.605C1.728 8.868 2.31 8 3.203 8h5.594c.893 0 1.474.868 1.075 1.605l-2.797 5.778zM6 7a2.5 2.5 0 1 1 0-5 2.5 2.5 0 0 1 0 5z"
                />
              </svg>
            </follow>
          </div>
           
          <div
            className="interaction-label"
          >
             Follow 
          </div>
        </div>
      </li>
    </ul>
  </div>
</User>
`;
